---
source: k8s-crds-test/src/lib.rs
assertion_line: 79
expression: s
---
---
apiVersion: stable.example.com/v1
kind: CronTab
metadata:
  name: test
a:
  b:
    c:
      d:
        e: 2
      f:
        g: gg

